// Jest Snapshot v1, https://goo.gl/fbAQLP

exports[`pruebas en <CounterApp/> debe mostrar snapshop con sus valores por defecto 1`] = `
<Fragment>
  <h1>
    CounterApp
  </h1>
  <h2>
    10
  </h2>
  <button
    onClick={[Function]}
  >
    +1
  </button>
  <button
    onClick={[Function]}
  >
    restet
  </button>
  <button
    onClick={[Function]}
  >
    -1
  </button>
</Fragment>
`;
